Microchip MPLAB XC8 Compiler V1.33 ()

Linker command line:

--edf=C:\Program Files (x86)\Microchip\xc8\v1.33\dat\en_msgs.txt -cs \
  -h+WEGA.sym --cmf=WEGA.cmf -z -Q18F46K22 -oC:\TEMP\sutc.6 -MWEGA.map -E1 \
  -ver=XC8 -ASTACK=012Ah-09ffh -pstack=STACK -ACODE=00h-0FFFFh \
  -ACONST=00h-0FFFFh -ASMALLCONST=01000h-010FFhx240 \
  -AMEDIUMCONST=01000h-0FFFFh -ACOMRAM=01h-05Fh -AABS1=00h-0F37h \
  -ABIGRAM=01h-0F37h -ARAM=060h-0FFh,0100h-01FFhx14,0F00h-0F37h \
  -ABANK0=060h-0FFh -ABANK1=0100h-01FFh -ABANK2=0200h-02FFh \
  -ABANK3=0300h-03FFh -ABANK4=0400h-04FFh -ABANK5=0500h-05FFh \
  -ABANK6=0600h-06FFh -ABANK7=0700h-07FFh -ABANK8=0800h-08FFh \
  -ABANK9=0900h-09FFh -ABANK10=0A00h-0AFFh -ABANK11=0B00h-0BFFh \
  -ABANK12=0C00h-0CFFh -ABANK13=0D00h-0DFFh -ABANK14=0E00h-0EFFh \
  -ABANK15=0F00h-0F37h -ASFR=0F38h-0F5Fh,0F60h-0FFCh \
  -preset_vec=00h,intcode=08h,intcodelo=018h,powerup,init,end_init \
  -pramtop=01000h -psmallconst=SMALLCONST -pmediumconst=MEDIUMCONST \
  -pconst=CONST -AFARRAM=00h-00h -ACONFIG=0300000h-030000Dh -pconfig=CONFIG \
  -AIDLOC=0200000h-0200007h -pidloc=IDLOC -AEEDATA=0F00000h-0F003FFh \
  -peeprom_data=EEDATA \
  -prdata=COMRAM,nvrram=COMRAM,nvbit=COMRAM,rbss=COMRAM,rbit=COMRAM \
  -pfarbss=FARRAM,fardata=FARRAM,nvFARRAM=FARRAM \
  -pintsave_regs=BIGRAM,bigbss=BIGRAM,bigdata=BIGRAM -pbss=RAM \
  -pidata=CODE,irdata=CODE,ibigdata=CODE,ifardata=CODE C:\TEMP\sutc.obj \
  WEGA.obj 

Object code version is 3.11

Machine type is 18F46K22

Call graph: (short form)




                Name                               Link     Load   Length Selector   Space Scale
C:\TEMP\sutc.obj
                end_init                             D4       D4        4        C       0
                reset_vec                             0        0        6        0       0
                config                           300000   300000        E   300000       0
WEGA.obj        intcodelo                            18       18       BC        C       0
                intcode                               8        8       10        4       0
                mediumconst                        FBC2     FBC2      43E     7DE1       0
                text60                             1C3E     1C3E       26        C       0
                text59                             13F0     13F0       7A        C       0
                text58                             1A58     1A58       48        C       0
                text57                             1D16     1D16       12        C       0
                text56                             146A     146A       74        C       0
                text55                             1D6E     1D6E        6        C       0
                text54                             1D38     1D38       10        C       0
                text53                             12F4     12F4       82        C       0
                text52                             18D4     18D4       5A        C       0
                text51                             1D68     1D68        6        C       0
                text50                             1D60     1D60        8        C       0
                text49                             16F6     16F6       64        C       0
                text48                             1B22     1B22       3E        C       0
                text47                             1BEA     1BEA       2E        C       0
                text46                             1D48     1D48        E        C       0
                text45                             11DE     11DE       90        C       0
                text44                             19C6     19C6       4A        C       0
                text43                             1BBC     1BBC       2E        C       0
                intcode_body                       187A     187A       5A        C       0
                text41                              BE2      BE2      118        C       0
                text40                             1D56     1D56        A        C       0
                text39                             112A     112A       B4        C       0
                text38                              EDC      EDC       D2        C       0
                text37                             14DE     14DE       70        C       0
                text36                               D8       D8      2BA        C       0
                text35                             1D78     1D78        4        C       0
                text34                             1D02     1D02       14        C       0
                text33                             1CEE     1CEE       14        C       0
                text32                             1CDA     1CDA       14        C       0
                text31                             126E     126E       86        C       0
                text30                             197C     197C       4A        C       0
                text29                             1B8E     1B8E       2E        C       0
                text28                             1D7C     1D7C        2        C       0
                text27                             1B60     1B60       2E        C       0
                text26                              DF4      DF4       E8        C       0
                text24                             15BA     15BA       6C        C       0
                text23                              5A6      5A6      1E0        C       0
                text22                             1AE2     1AE2       40        C       0
                text21                             192E     192E       4E        C       0
                text20                             1070     1070       BA        C       0
                text19                              392      392      214        C       0
                text18                             154E     154E       6C        C       0
                text17                              786      786      184        C       0
                text16                              CFA      CFA       FA        C       0
                text15                             168E     168E       68        C       0
                text14                             181C     181C       5E        C       0
                text13                             1D74     1D74        4        C       0
                text12                             1A10     1A10       48        C       0
                text11                             1626     1626       68        C       0
                text10                             1C88     1C88       22        C       0
                text9                              175A     175A       62        C       0
                text8                              1C18     1C18       26        C       0
                text7                              1C64     1C64       24        C       0
                text6                               90A      90A      172        C       0
                text5                              1CAA     1CAA       1A        C       0
                text4                               FAE      FAE       C2        C       0
                text3                              17BC     17BC       60        C       0
                text2                              1CC4     1CC4       16        C       0
                text1                              1376     1376       7A        C       0
                text0                               A7C      A7C      166        C       0
                cstackCOMRAM                          1        1       28        1       1
                cstackBANK0                          C7       C7       25       60       1
                cstackBANK1                         100      100       1A      100       1
                dataBANK1                           11A      11A       10      100       1
                bssBANK0                             60       60       67       60       1
                bssCOMRAM                            29       29       22        1       1
                bitbssCOMRAM                        258       4B        B        1       1     8
                cinit                              1AA0     1AA0       42        C       0
                idataBANK1                         1D28     1D28       10        C       0

TOTAL           Name                               Link     Load   Length     Space
        CLASS   STACK          

        CLASS   CODE           
                end_init                             D4       D4        4         0
                intcodelo                            18       18       BC         0
                intcode                               8        8       10         0
                reset_vec                             0        0        6         0
                text60                             1C3E     1C3E       26         0
                text59                             13F0     13F0       7A         0
                text58                             1A58     1A58       48         0
                text57                             1D16     1D16       12         0
                text56                             146A     146A       74         0
                text55                             1D6E     1D6E        6         0
                text54                             1D38     1D38       10         0
                text53                             12F4     12F4       82         0
                text52                             18D4     18D4       5A         0
                text51                             1D68     1D68        6         0
                text50                             1D60     1D60        8         0
                text49                             16F6     16F6       64         0
                text48                             1B22     1B22       3E         0
                text47                             1BEA     1BEA       2E         0
                text46                             1D48     1D48        E         0
                text45                             11DE     11DE       90         0
                text44                             19C6     19C6       4A         0
                text43                             1BBC     1BBC       2E         0
                intcode_body                       187A     187A       5A         0
                text41                              BE2      BE2      118         0
                text40                             1D56     1D56        A         0
                text39                             112A     112A       B4         0
                text38                              EDC      EDC       D2         0
                text37                             14DE     14DE       70         0
                text36                               D8       D8      2BA         0
                text35                             1D78     1D78        4         0
                text34                             1D02     1D02       14         0
                text33                             1CEE     1CEE       14         0
                text32                             1CDA     1CDA       14         0
                text31                             126E     126E       86         0
                text30                             197C     197C       4A         0
                text29                             1B8E     1B8E       2E         0
                text28                             1D7C     1D7C        2         0
                text27                             1B60     1B60       2E         0
                text26                              DF4      DF4       E8         0
                text24                             15BA     15BA       6C         0
                text23                              5A6      5A6      1E0         0
                text22                             1AE2     1AE2       40         0
                text21                             192E     192E       4E         0
                text20                             1070     1070       BA         0
                text19                              392      392      214         0
                text18                             154E     154E       6C         0
                text17                              786      786      184         0
                text16                              CFA      CFA       FA         0
                text15                             168E     168E       68         0
                text14                             181C     181C       5E         0
                text13                             1D74     1D74        4         0
                text12                             1A10     1A10       48         0
                text11                             1626     1626       68         0
                text10                             1C88     1C88       22         0
                text9                              175A     175A       62         0
                text8                              1C18     1C18       26         0
                text7                              1C64     1C64       24         0
                text6                               90A      90A      172         0
                text5                              1CAA     1CAA       1A         0
                text4                               FAE      FAE       C2         0
                text3                              17BC     17BC       60         0
                text2                              1CC4     1CC4       16         0
                text1                              1376     1376       7A         0
                text0                               A7C      A7C      166         0
                cinit                              1AA0     1AA0       42         0
                idataBANK1                         1D28     1D28       10         0

        CLASS   CONST          

        CLASS   SMALLCONST     

        CLASS   MEDIUMCONST    
                mediumconst                        FBC2     FBC2      43E         0

        CLASS   COMRAM         
                cstackCOMRAM                          1        1       28         1
                bssCOMRAM                            29       29       22         1
                bitbssCOMRAM                        258       4B        B         1

        CLASS   ABS1           

        CLASS   BIGRAM         

        CLASS   RAM            

        CLASS   BANK0          
                cstackBANK0                          C7       C7       25         1
                bssBANK0                             60       60       67         1

        CLASS   BANK1          
                cstackBANK1                         100      100       1A         1
                dataBANK1                           11A      11A       10         1

        CLASS   BANK2          

        CLASS   BANK3          

        CLASS   BANK4          

        CLASS   BANK5          

        CLASS   BANK6          

        CLASS   BANK7          

        CLASS   BANK8          

        CLASS   BANK9          

        CLASS   BANK10         

        CLASS   BANK11         

        CLASS   BANK12         

        CLASS   BANK13         

        CLASS   BANK14         

        CLASS   BANK15         

        CLASS   SFR            

        CLASS   FARRAM         

        CLASS   CONFIG         
                config                           300000   300000        E         0

        CLASS   IDLOC          

        CLASS   EEDATA         



SEGMENTS        Name                           Load    Length   Top    Selector   Space  Class

                reset_vec                      000000  000006  000006         0       0  CODE    
                cstackCOMRAM                   000001  00004C  00004D         1       1  COMRAM  
                intcode                        000008  000010  000018         4       0  CODE    
                intcodelo                      000018  001D66  001D7E         C       0  CODE    
                bssBANK0                       000060  00008C  0000EC        60       1  BANK0   
                cstackBANK1                    000100  00002A  00012A       100       1  BANK1   
                mediumconst                    00FBC2  00043E  010000      7DE1       0  MEDIUMCO
                config                         300000  00000E  30000E    300000       0  CONFIG  


UNUSED ADDRESS RANGES

        Name                Unused          Largest block    Delta
        BANK0            0000EC-0000FF               14
        BANK1            00012A-0001FF               D6
        BANK10           000A00-000AFF              100
        BANK11           000B00-000BFF              100
        BANK12           000C00-000CFF              100
        BANK13           000D00-000DFF              100
        BANK14           000E00-000EFF              100
        BANK15           000F00-000F37               38
        BANK2            000200-0002FF              100
        BANK3            000300-0003FF              100
        BANK4            000400-0004FF              100
        BANK5            000500-0005FF              100
        BANK6            000600-0006FF              100
        BANK7            000700-0007FF              100
        BANK8            000800-0008FF              100
        BANK9            000900-0009FF              100
        BIGRAM           00004D-00005F               13
                         0000EC-0000FF               14
                         00012A-000F37              E0E
        CODE             000006-000007                2
                         001D7E-00FBC1             DE44
        COMRAM           00004D-00005F               13
        CONST            000006-000007                2
                         001D7E-00FBC1             DE44
        EEDATA           F00000-F003FF              400
        IDLOC            200000-200007                8
        MEDIUMCONST      001D7E-00FBC1             DE44
        RAM              0000EC-0000FF               14
                         00012A-000F37              100
        SFR              000F38-000FFC               28
        SMALLCONST       001D7E-00FBC1              100
        STACK            00012A-0009FF              8D6

                                  Symbol Table

?_EX_filter                 cstackCOMRAM 000003
?_IntpResL                  cstackBANK0  0000E5
?_ReadADC                   cstackCOMRAM 000001
?_ReadTable                 cstackBANK1  000104
?_ReadTimer3                cstackBANK0  0000C7
?_SMA_filter                cstackCOMRAM 000003
?___atdiv                   cstackBANK0  0000DA
?___ltdiv                   cstackBANK0  0000DA
?___lwdiv                   cstackCOMRAM 000001
?___tmul                    cstackBANK0  0000DA
?i1___tmul                  cstackCOMRAM 000001
?i2___lwdiv                 cstackBANK0  0000C7
ADCread@ADCPressure         cstackCOMRAM 000018
ADCread@EGRD_CURR           cstackCOMRAM 00001A
CompareGroup1@Injection     cstackBANK0  0000D3
CompareGroup2@Injection     cstackBANK0  0000D3
EX_filter@Massive           cstackCOMRAM 000005
EX_filter@a                 cstackCOMRAM 000003
EX_filter@n                 cstackCOMRAM 00000A
Emul_PND@Vout               cstackBANK0  0000E9
Emul_PND_T@MAP              cstackBANK0  0000E5
Emul_PND_T@RPM              cstackBANK1  000107
Emul_PND_T@column           cstackBANK1  00010A
Emul_PND_T@hidt             cstackBANK1  00010C
Emul_PND_T@lowdt            cstackBANK1  00010B
Emul_PND_T@out              cstackBANK1  000108
Emul_PND_T@pres             cstackBANK1  00010D
Emul_PND_T@span             cstackBANK1  000109
Fuel_Calculate@GazPressure  cstackBANK1  000101
Fuel_Calculate@Injection    cstackBANK1  000103
GetColt@CLT_DATA            cstackCOMRAM 000010
IAC_Stab@CLTR               cstackBANK0  0000DB
IAC_Stab@Step_Init_Pos      cstackBANK0  0000DC
IntpResL@C                  cstackBANK0  0000E9
IntpResL@Hi_d               cstackBANK0  0000E7
IntpResL@Low_d              cstackBANK0  0000E5
IntpResL@prom               cstackBANK0  0000EA
LGP_st@LPGPres              cstackBANK0  0000C7
OpenADC@config              cstackBANK0  0000DE
OpenADC@config2             cstackBANK0  0000DA
OpenADC@config3             cstackBANK0  0000DB
OpenECompare1@config        cstackBANK0  0000D0
OpenECompare1@period        cstackBANK0  0000CB
OpenECompare2@config        cstackBANK0  0000D0
OpenECompare2@period        cstackBANK0  0000CB
OpenECompare3@config        cstackCOMRAM 00000D
OpenECompare3@period        cstackCOMRAM 000008
OpenPWM5@period             cstackBANK0  0000DC
OpenPWM5@timer_source       cstackBANK0  0000DA
OpenTimer6@config           cstackBANK0  0000DA
ReadTable@Index             cstackBANK1  000113
ReadTable@Massive           cstackBANK1  000106
ReadTable@Span              cstackBANK1  000112
ReadTable@a                 cstackBANK1  000104
ReadTimer3@timer            cstackBANK0  0000C9
SMA_filter@Massive          cstackCOMRAM 000005
SMA_filter@a                cstackCOMRAM 000003
SMA_filter@j                cstackCOMRAM 000009
SMA_filter@n                cstackCOMRAM 000008
STP_Init@a                  cstackBANK0  0000DD
STP_Set@p                   cstackBANK0  0000DB
SetChanADC@channel          cstackBANK0  0000DB
SetDCPWM5@DCycle            cstackBANK0  0000DE
SetDCPWM5@dutycycle         cstackBANK0  0000DA
TMR0Event@ADCdelay          bssCOMRAM    000029
TMR0Event@Cdelay            bssCOMRAM    00002B
TMR0Event@STPdelay          bssCOMRAM    00002D
TMR0Event@TXdelay           bssCOMRAM    00002F
TMR0Event@mckc              bssCOMRAM    000031
VE@Index                    cstackBANK0  0000E4
VE@Span                     cstackBANK0  0000E5
VE@Table                    cstackBANK0  0000DA
VE@a                        cstackBANK0  0000E3
VE@hidt                     cstackBANK0  0000E7
VE@lowdt                    cstackBANK0  0000E6
_ADC                        bssCOMRAM    000033
_ADCON0                     (abs)        000FC2
_ADCON0bits                 (abs)        000FC2
_ADCON1                     (abs)        000FC1
_ADCON2                     (abs)        000FC0
_ADCread                    text36       0000D8
_ADIE                       (abs)        007CEE
_ADIF                       (abs)        007CF6
_ADIP                       (abs)        007CFE
_ADRESH                     (abs)        000FC4
_ADRESL                     (abs)        000FC3
_ANSELA                     (abs)        000F38
_ANSELB                     (abs)        000F39
_ANSELC                     (abs)        000F3A
_ANSELD                     (abs)        000F3B
_ANSELE                     (abs)        000F3C
_AirPressure                bssBANK0     000060
_AllInjectionClose          text54       001D38
_BAUDCON1                   (abs)        000FB8
_BOR                        (abs)        007E80
_C1IF                       (abs)        007D0E
_C2IE                       (abs)        007D05
_C2IF                       (abs)        007D0D
_C2IP                       (abs)        007D15
_CCP1CON                    (abs)        000FBD
_CCP1Event                  text55       001D6E
_CCP1IE                     (abs)        007CEA
_CCP1IF                     (abs)        007CF2
_CCP1IP                     (abs)        007CFA
_CCP2CON                    (abs)        000F66
_CCP2Event                  text51       001D68
_CCP2IE                     (abs)        007D00
_CCP2IF                     (abs)        007D08
_CCP2IP                     (abs)        007D10
_CCP3CON                    (abs)        000F5D
_CCP3Event                  text50       001D60
_CCP3IE                     (abs)        007BD0
_CCP3IF                     (abs)        007BD8
_CCP3IP                     (abs)        007BE0
_CCP5CON                    (abs)        000F54
_CCPR1H                     (abs)        000FBF
_CCPR1L                     (abs)        000FBE
_CCPR2H                     (abs)        000F68
_CCPR2L                     (abs)        000F67
_CCPR3H                     (abs)        000F5F
_CCPR3L                     (abs)        000F5E
_CCPR5L                     (abs)        000F55
_CCPTMRS0                   (abs)        000F49
_CCPTMRS1                   (abs)        000F48
_CLT_array                  bssBANK0     00008B
_CheckInj                   text59       0013F0
_CompareGroup1              text56       00146A
_CompareGroup2              text52       0018D4
_ConvertADC                 text13       001D74
_Cylinder                   bssCOMRAM    00003D
_ECU                        bssBANK0     000065
_EXT_array                  bssBANK0     000097
_EX_filter                  text41       000BE2
_Emul_PND                   text21       00192E
_Emul_PND_T                 text23       0005A6
_Flag_Corr_equal            bitbssCOMRAM 000258
_Flag_FiveSeconds           bitbssCOMRAM 000259
_Flag_FuelEq                bitbssCOMRAM 00025A
_Flag_IAC                   bitbssCOMRAM 00025B
_Flag_Init_Pos              bitbssCOMRAM 00025C
_Flag_Sec_Clock             bitbssCOMRAM 00025D
_Flag_Send_data             bitbssCOMRAM 00025E
_Flag_Speed_equal           bitbssCOMRAM 00025F
_Flag_UART_recieved         bitbssCOMRAM 000260
_Flag_setADC_chenal         bitbssCOMRAM 000261
_Flag_set_IAC               bitbssCOMRAM 000262
_Fuel_Calculate             text19       000392
_GIEH                       (abs)        007F97
_GIEL                       (abs)        007F96
_GO                         (abs)        007E11
_GetColt                    text38       000EDC
_Get_Lag                    text16       000CFA
_IAC_Stab                   text14       00181C
_IAT_array                  bssBANK0     0000A3
_INIT                       text6        00090A
_INT0IE                     (abs)        007F94
_INT0IF                     (abs)        007F91
_INT1IE                     (abs)        007F83
_INT1IF                     (abs)        007F80
_INT1IP                     (abs)        007F86
_INT2IF                     (abs)        007F81
_INT2IP                     (abs)        007F87
_INTCONbits                 (abs)        000FF2
_INTEDG0                    (abs)        007F8E
_INTEDG1                    (abs)        007F8D
_INTEDG2                    (abs)        007F8C
_IPEN                       (abs)        007E87
_Ign0                       mediumconst  00FBC3
_IntpResL                   text18       00154E
_LAG                        mediumconst  00FFE1
_LAG_LPG                    mediumconst  00FFEB
_LATA                       (abs)        000F89
_LATB                       (abs)        000F8A
_LATC                       (abs)        000F8B
_LATD                       (abs)        000F8C
_LATE                       (abs)        000F8D
_LB3                        (abs)        007C53
_LB4                        (abs)        007C54
_LC0                        (abs)        007C58
_LC1                        (abs)        007C59
_LC2                        (abs)        007C5A
_LC3                        (abs)        007C5B
_LC4                        (abs)        007C5C
_LC5                        (abs)        007C5D
_LD0                        (abs)        007C60
_LD1                        (abs)        007C61
_LD2                        (abs)        007C62
_LD3                        (abs)        007C63
_LD4                        (abs)        007C64
_LD5                        (abs)        007C65
_LGP_st                     text60       001C3E
_LPGPressure                bssCOMRAM    000035
_Lambda                     mediumconst  00FDC3
_LoadCounter                bssCOMRAM    000037
_Load_array                 bssBANK0     0000AF
_MAP_array                  bssCOMRAM    00003F
_Motor_stopped              text27       001B60
_OSCCON                     (abs)        000FD3
_OSCCON2                    (abs)        000FD2
_OpenADC                    text12       001A10
_OpenECompare1              text58       001A58
_OpenECompare2              text53       0012F4
_OpenECompare3              text31       00126E
_OpenPWM5                   text11       001626
_OpenTimer6                 text10       001C88
_PIE1bits                   (abs)        000F9D
_PIE2bits                   (abs)        000FA0
_PIE4bits                   (abs)        000F7A
_PIE5bits                   (abs)        000F7D
_PIR1bits                   (abs)        000F9E
_PIR2bits                   (abs)        000FA1
_PIR4bits                   (abs)        000F7B
_PIR5bits                   (abs)        000F7E
_PR2                        (abs)        000FBB
_PR4                        (abs)        000F52
_PR6                        (abs)        000F4B
_PUMPCounter                bssCOMRAM    000039
_PWR_array                  bssBANK0     0000BB
_RC1IE                      (abs)        007CED
_RC1IP                      (abs)        007CFD
_RCIF                       (abs)        007CF5
_RCREG                      (abs)        000FAE
_RCSTA1                     (abs)        000FAB
_RCSTAbits                  (abs)        000FAB
_RPM2Tabl                   mediumconst  00FEC3
_ReadADC                    text40       001D56
_ReadTable                  text17       000786
_ReadTimer3                 text57       001D16
_SMA_filter                 text39       00112A
_SPARKEvent                 text48       001B22
_SPBRG1                     (abs)        000FAF
_SPBRGH1                    (abs)        000FB0
_SPD_CONST                  mediumconst  00FFFB
_STP_Close                  text9        00175A
_STP_Init                   text7        001C64
_STP_Open                   text15       00168E
_STP_Set                    text5        001CAA
_SetChanADC                 text2        001CC4
_SetDCPWM5                  text22       001AE2
_SetInjection               text49       0016F6
_Set_ADC_MAP                text33       001CEE
_Set_TPS_MAP                text32       001CDA
_Spark2                     text29       001B8E
_Sync                       text28       001D7C
_T0CON                      (abs)        000FD5
_T0IF                       (abs)        007F92
_T1CON                      (abs)        000FCD
_T1GCON                     (abs)        000FCC
_T2CON                      (abs)        000FBA
_T2CONbits                  (abs)        000FBA
_T3CON                      (abs)        000FB1
_T3GCON                     (abs)        000FB4
_T4CONbits                  (abs)        000F51
_T6CON                      (abs)        000F4A
_T6CONbits                  (abs)        000F4A
_TMR0Event                  text26       000DF4
_TMR0H                      (abs)        000FD7
_TMR0IE                     (abs)        007F95
_TMR0IF                     (abs)        007F92
_TMR0IP                     (abs)        007F8A
_TMR0L                      (abs)        000FD6
_TMR0ON                     (abs)        007EAF
_TMR1                       (abs)        000FCE
_TMR1Event                  text46       001D48
_TMR1H                      (abs)        000FCF
_TMR1IE                     (abs)        007CE8
_TMR1IF                     (abs)        007CF0
_TMR1IP                     (abs)        007CF8
_TMR1L                      (abs)        000FCE
_TMR1ON                     (abs)        007E68
_TMR2IE                     (abs)        007CE9
_TMR3H                      (abs)        000FB3
_TMR3IE                     (abs)        007D01
_TMR3L                      (abs)        000FB2
_TMR6                       (abs)        000F4C
_TMRC                       bssCOMRAM    00003B
_TO                         (abs)        007E83
_TRISA                      (abs)        000F92
_TRISAbits                  (abs)        000F92
_TRISB                      (abs)        000F93
_TRISBbits                  (abs)        000F93
_TRISC                      (abs)        000F94
_TRISCbits                  (abs)        000F94
_TRISD                      (abs)        000F95
_TRISE                      (abs)        000F96
_TRISEbits                  (abs)        000F96
_TX1IE                      (abs)        007CEC
_TX1IP                      (abs)        007CFC
_TXREG                      (abs)        000FAD
_TXSTA1                     (abs)        000FAC
_TXSTAbits                  (abs)        000FAC
_VE                         text4        000FAE
_VE_table                   dataBANK1    00011A
_WPUB                       (abs)        000F61
_X                          mediumconst  00FFC3
_Y                          mediumconst  00FFF5
__CFG_BOREN$SBORDIS         (abs)        000000
__CFG_BORV$220              (abs)        000000
__CFG_CCP2MX$PORTC1         (abs)        000000
__CFG_CCP3MX$PORTB5         (abs)        000000
__CFG_CP0$OFF               (abs)        000000
__CFG_CP1$OFF               (abs)        000000
__CFG_CP2$OFF               (abs)        000000
__CFG_CP3$OFF               (abs)        000000
__CFG_CPB$OFF               (abs)        000000
__CFG_CPD$OFF               (abs)        000000
__CFG_EBTR0$OFF             (abs)        000000
__CFG_EBTR1$OFF             (abs)        000000
__CFG_EBTR2$OFF             (abs)        000000
__CFG_EBTR3$OFF             (abs)        000000
__CFG_EBTRB$OFF             (abs)        000000
__CFG_FCMEN$OFF             (abs)        000000
__CFG_FOSC$HSMP             (abs)        000000
__CFG_HFOFST$ON             (abs)        000000
__CFG_IESO$OFF              (abs)        000000
__CFG_LVP$OFF               (abs)        000000
__CFG_MCLRE$EXTMCLR         (abs)        000000
__CFG_P2BMX$PORTD2          (abs)        000000
__CFG_PBADEN$ON             (abs)        000000
__CFG_PLLCFG$ON             (abs)        000000
__CFG_PRICLKEN$ON           (abs)        000000
__CFG_PWRTEN$OFF            (abs)        000000
__CFG_STVREN$ON             (abs)        000000
__CFG_T3CMX$PORTC0          (abs)        000000
__CFG_WDTEN$OFF             (abs)        000000
__CFG_WDTPS$32768           (abs)        000000
__CFG_WRT0$OFF              (abs)        000000
__CFG_WRT1$OFF              (abs)        000000
__CFG_WRT2$OFF              (abs)        000000
__CFG_WRT3$OFF              (abs)        000000
__CFG_WRTB$OFF              (abs)        000000
__CFG_WRTC$OFF              (abs)        000000
__CFG_WRTD$OFF              (abs)        000000
__CFG_XINST$OFF             (abs)        000000
__HRAM                      (abs)        000000
__Habs1                     abs1         000000
__Hbank0                    bank0        000000
__Hbank1                    bank1        000000
__Hbank10                   bank10       000000
__Hbank11                   bank11       000000
__Hbank12                   bank12       000000
__Hbank13                   bank13       000000
__Hbank14                   bank14       000000
__Hbank15                   bank15       000000
__Hbank2                    bank2        000000
__Hbank3                    bank3        000000
__Hbank4                    bank4        000000
__Hbank5                    bank5        000000
__Hbank6                    bank6        000000
__Hbank7                    bank7        000000
__Hbank8                    bank8        000000
__Hbank9                    bank9        000000
__Hbigbss                   bigbss       000000
__Hbigdata                  bigdata      000000
__Hbigram                   bigram       000000
__HbitbssCOMRAM             bitbssCOMRAM 000000
__Hbss                      bss          000000
__HbssBANK0                 bssBANK0     000000
__HbssCOMRAM                bssCOMRAM    000000
__Hcinit                    cinit        000000
__Hclrtext                  clrtext      000000
__Hcomram                   comram       000000
__Hconfig                   config       30000E
__Hconst                    const        000000
__HcstackBANK0              cstackBANK0  000000
__HcstackBANK1              cstackBANK1  000000
__HcstackCOMRAM             cstackCOMRAM 000000
__Hdata                     data         000000
__HdataBANK1                dataBANK1    000000
__Heeprom_data              eeprom_data  000000
__Hend_init                 end_init     0000D8
__Hfarbss                   farbss       000000
__Hfardata                  fardata      000000
__Hibigdata                 ibigdata     000000
__Hidata                    idata        000000
__HidataBANK1               idataBANK1   000000
__Hidloc                    idloc        000000
__Hifardata                 ifardata     000000
__Hinit                     init         0000D4
__Hintcode                  intcode      000018
__Hintcode_body             intcode_body 000000
__Hintcodelo                intcodelo    0000D4
__Hintentry                 intentry     000000
__Hintret                   intret       000000
__Hintsave_regs             intsave_regs 000000
__Hirdata                   irdata       000000
__Hmediumconst              mediumconst  010000
__HnvFARRAM                 nvFARRAM     000000
__Hnvbit                    nvbit        000000
__Hnvrram                   nvrram       000000
__Hparam                    param0       000000
__Hparam0                   param0       000000
__Hpowerup                  powerup      0000D4
__Hram                      ram          000000
__Hramtop                   ramtop       001000
__Hrbit                     rbit         000000
__Hrbss                     rbss         000000
__Hrdata                    rdata        000000
__Hreset_vec                reset_vec    000006
__Hsfr                      sfr          000000
__Hsmallconst               smallconst   000000
__Hspace_0                  (abs)        30000E
__Hspace_1                  (abs)        000263
__Hspace_2                  (abs)        000000
__Hstack                    stack        000000
__Hstruct                   struct       000000
__Htemp                     temp         000000
__Htext                     text         000000
__Htext0                    text0        000000
__Htext1                    text1        000000
__Htext10                   text10       000000
__Htext11                   text11       000000
__Htext12                   text12       000000
__Htext13                   text13       000000
__Htext14                   text14       000000
__Htext15                   text15       000000
__Htext16                   text16       000000
__Htext17                   text17       000000
__Htext18                   text18       000000
__Htext19                   text19       000000
__Htext2                    text2        000000
__Htext20                   text20       000000
__Htext21                   text21       000000
__Htext22                   text22       000000
__Htext23                   text23       000000
__Htext24                   text24       000000
__Htext26                   text26       000000
__Htext27                   text27       000000
__Htext28                   text28       000000
__Htext29                   text29       000000
__Htext3                    text3        000000
__Htext30                   text30       000000
__Htext31                   text31       000000
__Htext32                   text32       000000
__Htext33                   text33       000000
__Htext34                   text34       000000
__Htext35                   text35       000000
__Htext36                   text36       000000
__Htext37                   text37       000000
__Htext38                   text38       000000
__Htext39                   text39       000000
__Htext4                    text4        000000
__Htext40                   text40       000000
__Htext41                   text41       000000
__Htext43                   text43       000000
__Htext44                   text44       000000
__Htext45                   text45       000000
__Htext46                   text46       000000
__Htext47                   text47       000000
__Htext48                   text48       000000
__Htext49                   text49       000000
__Htext5                    text5        000000
__Htext50                   text50       000000
__Htext51                   text51       000000
__Htext52                   text52       000000
__Htext53                   text53       000000
__Htext54                   text54       000000
__Htext55                   text55       000000
__Htext56                   text56       000000
__Htext57                   text57       000000
__Htext58                   text58       000000
__Htext59                   text59       000000
__Htext6                    text6        000000
__Htext60                   text60       000000
__Htext7                    text7        000000
__Htext8                    text8        000000
__Htext9                    text9        000000
__LRAM                      (abs)        000001
__Labs1                     abs1         000000
__Lbank0                    bank0        000000
__Lbank1                    bank1        000000
__Lbank10                   bank10       000000
__Lbank11                   bank11       000000
__Lbank12                   bank12       000000
__Lbank13                   bank13       000000
__Lbank14                   bank14       000000
__Lbank15                   bank15       000000
__Lbank2                    bank2        000000
__Lbank3                    bank3        000000
__Lbank4                    bank4        000000
__Lbank5                    bank5        000000
__Lbank6                    bank6        000000
__Lbank7                    bank7        000000
__Lbank8                    bank8        000000
__Lbank9                    bank9        000000
__Lbigbss                   bigbss       000000
__Lbigdata                  bigdata      000000
__Lbigram                   bigram       000000
__LbitbssCOMRAM             bitbssCOMRAM 000000
__Lbss                      bss          000000
__LbssBANK0                 bssBANK0     000000
__LbssCOMRAM                bssCOMRAM    000000
__Lcinit                    cinit        000000
__Lclrtext                  clrtext      000000
__Lcomram                   comram       000000
__Lconfig                   config       300000
__Lconst                    const        000000
__LcstackBANK0              cstackBANK0  000000
__LcstackBANK1              cstackBANK1  000000
__LcstackCOMRAM             cstackCOMRAM 000000
__Ldata                     data         000000
__LdataBANK1                dataBANK1    000000
__Leeprom_data              eeprom_data  000000
__Lend_init                 end_init     0000D4
__Lfarbss                   farbss       000000
__Lfardata                  fardata      000000
__Libigdata                 ibigdata     000000
__Lidata                    idata        000000
__LidataBANK1               idataBANK1   000000
__Lidloc                    idloc        000000
__Lifardata                 ifardata     000000
__Linit                     init         0000D4
__Lintcode                  intcode      000008
__Lintcode_body             intcode_body 000000
__Lintcodelo                intcodelo    000018
__Lintentry                 intentry     000000
__Lintret                   intret       000000
__Lintsave_regs             intsave_regs 000000
__Lirdata                   irdata       000000
__Lmediumconst              mediumconst  00FBC2
__LnvFARRAM                 nvFARRAM     000000
__Lnvbit                    nvbit        000000
__Lnvrram                   nvrram       000000
__Lparam                    param0       000000
__Lparam0                   param0       000000
__Lpowerup                  powerup      0000D4
__Lram                      ram          000000
__Lramtop                   ramtop       001000
__Lrbit                     rbit         000000
__Lrbss                     rbss         000000
__Lrdata                    rdata        000000
__Lreset_vec                reset_vec    000000
__Lsfr                      sfr          000000
__Lsmallconst               smallconst   000000
__Lspace_0                  (abs)        000000
__Lspace_1                  (abs)        000000
__Lspace_2                  (abs)        000000
__Lstack                    stack        000000
__Lstruct                   struct       000000
__Ltemp                     temp         000000
__Ltext                     text         000000
__Ltext0                    text0        000000
__Ltext1                    text1        000000
__Ltext10                   text10       000000
__Ltext11                   text11       000000
__Ltext12                   text12       000000
__Ltext13                   text13       000000
__Ltext14                   text14       000000
__Ltext15                   text15       000000
__Ltext16                   text16       000000
__Ltext17                   text17       000000
__Ltext18                   text18       000000
__Ltext19                   text19       000000
__Ltext2                    text2        000000
__Ltext20                   text20       000000
__Ltext21                   text21       000000
__Ltext22                   text22       000000
__Ltext23                   text23       000000
__Ltext24                   text24       000000
__Ltext26                   text26       000000
__Ltext27                   text27       000000
__Ltext28                   text28       000000
__Ltext29                   text29       000000
__Ltext3                    text3        000000
__Ltext30                   text30       000000
__Ltext31                   text31       000000
__Ltext32                   text32       000000
__Ltext33                   text33       000000
__Ltext34                   text34       000000
__Ltext35                   text35       000000
__Ltext36                   text36       000000
__Ltext37                   text37       000000
__Ltext38                   text38       000000
__Ltext39                   text39       000000
__Ltext4                    text4        000000
__Ltext40                   text40       000000
__Ltext41                   text41       000000
__Ltext43                   text43       000000
__Ltext44                   text44       000000
__Ltext45                   text45       000000
__Ltext46                   text46       000000
__Ltext47                   text47       000000
__Ltext48                   text48       000000
__Ltext49                   text49       000000
__Ltext5                    text5        000000
__Ltext50                   text50       000000
__Ltext51                   text51       000000
__Ltext52                   text52       000000
__Ltext53                   text53       000000
__Ltext54                   text54       000000
__Ltext55                   text55       000000
__Ltext56                   text56       000000
__Ltext57                   text57       000000
__Ltext58                   text58       000000
__Ltext59                   text59       000000
__Ltext6                    text6        000000
__Ltext60                   text60       000000
__Ltext7                    text7        000000
__Ltext8                    text8        000000
__Ltext9                    text9        000000
__S0                        (abs)        30000E
__S1                        (abs)        00012A
__S2                        (abs)        000000
___atdiv                    text20       001070
___atdiv@counter            cstackBANK0  0000E0
___atdiv@dividend           cstackBANK0  0000DA
___atdiv@divisor            cstackBANK0  0000DD
___atdiv@quotient           cstackBANK0  0000E2
___atdiv@sign               cstackBANK0  0000E1
___inthi_sp                 stack        000000
___intlo_sp                 stack        000000
___ltdiv                    text3        0017BC
___ltdiv@counter            cstackBANK0  0000E3
___ltdiv@dividend           cstackBANK0  0000DA
___ltdiv@divisor            cstackBANK0  0000DD
___ltdiv@quotient           cstackBANK0  0000E0
___lwdiv                    text30       00197C
___lwdiv@counter            cstackCOMRAM 000007
___lwdiv@dividend           cstackCOMRAM 000001
___lwdiv@divisor            cstackCOMRAM 000003
___lwdiv@quotient           cstackCOMRAM 000005
___sp                       stack        000000
___tmul                     text24       0015BA
___tmul@multiplicand        cstackBANK0  0000DD
___tmul@multiplier          cstackBANK0  0000DA
___tmul@product             cstackBANK0  0000E2
__accesstop                 (abs)        000060
__activetblptr              (abs)        000003
__end_of_ADCread            text36       000392
__end_of_AllInjectionClose  text54       001D48
__end_of_CCP1Event          text55       001D74
__end_of_CCP2Event          text51       001D6E
__end_of_CCP3Event          text50       001D68
__end_of_CheckInj           text59       00146A
__end_of_CompareGroup1      text56       0014DE
__end_of_CompareGroup2      text52       00192E
__end_of_ConvertADC         text13       001D78
__end_of_EX_filter          text41       000CFA
__end_of_Emul_PND           text21       00197C
__end_of_Emul_PND_T         text23       000786
__end_of_Fuel_Calculate     text19       0005A6
__end_of_GetColt            text38       000FAE
__end_of_Get_Lag            text16       000DF4
__end_of_IAC_Stab           text14       00187A
__end_of_INIT               text6        000A7C
__end_of_Ign0               mediumconst  00FDC3
__end_of_IntpResL           text18       0015BA
__end_of_LAG                mediumconst  00FFEB
__end_of_LAG_LPG            mediumconst  00FFF5
__end_of_LGP_st             text60       001C64
__end_of_Lambda             mediumconst  00FEC3
__end_of_Motor_stopped      text27       001B8E
__end_of_OpenADC            text12       001A58
__end_of_OpenECompare1      text58       001AA0
__end_of_OpenECompare2      text53       001376
__end_of_OpenECompare3      text31       0012F4
__end_of_OpenPWM5           text11       00168E
__end_of_OpenTimer6         text10       001CAA
__end_of_RPM2Tabl           mediumconst  00FFC3
__end_of_ReadADC            text40       001D60
__end_of_ReadTable          text17       00090A
__end_of_ReadTimer3         text57       001D28
__end_of_SMA_filter         text39       0011DE
__end_of_SPARKEvent         text48       001B60
__end_of_SPD_CONST          mediumconst  00FFFE
__end_of_STP_Close          text9        0017BC
__end_of_STP_Init           text7        001C88
__end_of_STP_Open           text15       0016F6
__end_of_STP_Set            text5        001CC4
__end_of_SetChanADC         text2        001CDA
__end_of_SetDCPWM5          text22       001B22
__end_of_SetInjection       text49       00175A
__end_of_Set_ADC_MAP        text33       001D02
__end_of_Set_TPS_MAP        text32       001CEE
__end_of_Spark2             text29       001BBC
__end_of_Sync               text28       001D7E
__end_of_TMR0Event          text26       000EDC
__end_of_TMR1Event          text46       001D56
__end_of_VE                 text4        001070
__end_of_X                  mediumconst  00FFE1
__end_of_Y                  mediumconst  00FFFB
__end_of___atdiv            text20       00112A
__end_of___ltdiv            text3        00181C
__end_of___lwdiv            text30       0019C6
__end_of___tmul             text24       001626
__end_of__initialization    cinit        001ADC
__end_of_delay              text8        001C3E
__end_of_high_isr           intcode_body 0018D4
__end_of_low_isr            intcodelo    0000D4
__end_of_main               text0        000BE2
__end_of_setADC             text1        0013F0
__end_ofi1_ConvertADC       text35       001D7C
__end_ofi1_SetChanADC       text34       001D16
__end_ofi1___tmul           text37       00154E
__end_ofi2_Motor_stopped    text47       001C18
__end_ofi2_OpenECompare3    text45       00126E
__end_ofi2_Spark2           text43       001BEA
__end_ofi2___lwdiv          text44       001A10
__initialization            cinit        001AA0
__mediumconst               mediumconst  00FBC2
__pbitbssCOMRAM             bitbssCOMRAM 000258
__pbssBANK0                 bssBANK0     000060
__pbssCOMRAM                bssCOMRAM    000029
__pcinit                    cinit        001AA0
__pcstackBANK0              cstackBANK0  0000C7
__pcstackBANK1              cstackBANK1  000100
__pcstackCOMRAM             cstackCOMRAM 000001
__pdataBANK1                dataBANK1    00011A
__pidataBANK1               idataBANK1   001D28
__pintcode                  intcode      000008
__pintcode_body             intcode_body 00187A
__pintcodelo                intcodelo    000018
__pmediumconst              mediumconst  00FBC2
__ptext0                    text0        000A7C
__ptext1                    text1        001376
__ptext10                   text10       001C88
__ptext11                   text11       001626
__ptext12                   text12       001A10
__ptext13                   text13       001D74
__ptext14                   text14       00181C
__ptext15                   text15       00168E
__ptext16                   text16       000CFA
__ptext17                   text17       000786
__ptext18                   text18       00154E
__ptext19                   text19       000392
__ptext2                    text2        001CC4
__ptext20                   text20       001070
__ptext21                   text21       00192E
__ptext22                   text22       001AE2
__ptext23                   text23       0005A6
__ptext24                   text24       0015BA
__ptext26                   text26       000DF4
__ptext27                   text27       001B60
__ptext28                   text28       001D7C
__ptext29                   text29       001B8E
__ptext3                    text3        0017BC
__ptext30                   text30       00197C
__ptext31                   text31       00126E
__ptext32                   text32       001CDA
__ptext33                   text33       001CEE
__ptext34                   text34       001D02
__ptext35                   text35       001D78
__ptext36                   text36       0000D8
__ptext37                   text37       0014DE
__ptext38                   text38       000EDC
__ptext39                   text39       00112A
__ptext4                    text4        000FAE
__ptext40                   text40       001D56
__ptext41                   text41       000BE2
__ptext43                   text43       001BBC
__ptext44                   text44       0019C6
__ptext45                   text45       0011DE
__ptext46                   text46       001D48
__ptext47                   text47       001BEA
__ptext48                   text48       001B22
__ptext49                   text49       0016F6
__ptext5                    text5        001CAA
__ptext50                   text50       001D60
__ptext51                   text51       001D68
__ptext52                   text52       0018D4
__ptext53                   text53       0012F4
__ptext54                   text54       001D38
__ptext55                   text55       001D6E
__ptext56                   text56       00146A
__ptext57                   text57       001D16
__ptext58                   text58       001A58
__ptext59                   text59       0013F0
__ptext6                    text6        00090A
__ptext60                   text60       001C3E
__ptext7                    text7        001C64
__ptext8                    text8        001C18
__ptext9                    text9        00175A
__ramtop                    ramtop       001000
__size_of_ADCread           (abs)        000000
__size_of_AllInjectionClose (abs)        000000
__size_of_CCP1Event         (abs)        000000
__size_of_CCP2Event         (abs)        000000
__size_of_CCP3Event         (abs)        000000
__size_of_CheckInj          (abs)        000000
__size_of_CompareGroup1     (abs)        000000
__size_of_CompareGroup2     (abs)        000000
__size_of_ConvertADC        (abs)        000000
__size_of_EX_filter         (abs)        000000
__size_of_Emul_PND          (abs)        000000
__size_of_Emul_PND_T        (abs)        000000
__size_of_Fuel_Calculate    (abs)        000000
__size_of_GetColt           (abs)        000000
__size_of_Get_Lag           (abs)        000000
__size_of_IAC_Stab          (abs)        000000
__size_of_INIT              (abs)        000000
__size_of_IntpResL          (abs)        000000
__size_of_LGP_st            (abs)        000000
__size_of_Motor_stopped     (abs)        000000
__size_of_OpenADC           (abs)        000000
__size_of_OpenECompare1     (abs)        000000
__size_of_OpenECompare2     (abs)        000000
__size_of_OpenECompare3     (abs)        000000
__size_of_OpenPWM5          (abs)        000000
__size_of_OpenTimer6        (abs)        000000
__size_of_ReadADC           (abs)        000000
__size_of_ReadTable         (abs)        000000
__size_of_ReadTimer3        (abs)        000000
__size_of_SMA_filter        (abs)        000000
__size_of_SPARKEvent        (abs)        000000
__size_of_STP_Close         (abs)        000000
__size_of_STP_Init          (abs)        000000
__size_of_STP_Open          (abs)        000000
__size_of_STP_Set           (abs)        000000
__size_of_SetChanADC        (abs)        000000
__size_of_SetDCPWM5         (abs)        000000
__size_of_SetInjection      (abs)        000000
__size_of_Set_ADC_MAP       (abs)        000000
__size_of_Set_TPS_MAP       (abs)        000000
__size_of_Spark2            (abs)        000000
__size_of_Sync              (abs)        000000
__size_of_TMR0Event         (abs)        000000
__size_of_TMR1Event         (abs)        000000
__size_of_VE                (abs)        000000
__size_of___atdiv           (abs)        000000
__size_of___ltdiv           (abs)        000000
__size_of___lwdiv           (abs)        000000
__size_of___tmul            (abs)        000000
__size_of_delay             (abs)        000000
__size_of_high_isr          (abs)        000000
__size_of_low_isr           (abs)        000000
__size_of_main              (abs)        000000
__size_of_setADC            (abs)        000000
__size_ofi1_ConvertADC      (abs)        000000
__size_ofi1_SetChanADC      (abs)        000000
__size_ofi1___tmul          (abs)        000000
__size_ofi2_Motor_stopped   (abs)        000000
__size_ofi2_OpenECompare3   (abs)        000000
__size_ofi2_Spark2          (abs)        000000
__size_ofi2___lwdiv         (abs)        000000
__smallconst                smallconst   000000
_delay                      text8        001C18
_high_isr                   intcode      000008
_low_isr                    intcodelo    000018
_main                       text0        000A7C
_nRBPU                      (abs)        007F8F
_p                          bssBANK0     000062
_setADC                     text1        001376
delay@ms                    cstackBANK0  0000DA
end_of_initialization       cinit        001ADC
i1SetChanADC@channel        cstackCOMRAM 000002
i1_ConvertADC               text35       001D78
i1_SetChanADC               text34       001D02
i1___tmul                   text37       0014DE
i1___tmul@multiplicand      cstackCOMRAM 000004
i1___tmul@multiplier        cstackCOMRAM 000001
i1___tmul@product           cstackCOMRAM 000009
i2OpenECompare3@config      cstackBANK0  0000D3
i2OpenECompare3@period      cstackBANK0  0000CE
i2_Motor_stopped            text47       001BEA
i2_OpenECompare3            text45       0011DE
i2_Spark2                   text43       001BBC
i2___lwdiv                  text44       0019C6
i2___lwdiv@counter          cstackBANK0  0000CB
i2___lwdiv@dividend         cstackBANK0  0000C7
i2___lwdiv@divisor          cstackBANK0  0000C9
i2___lwdiv@quotient         cstackBANK0  0000CC
int_func                    intcode_body 00187A
intlevel0                   text         000000
intlevel1                   text         000000
intlevel2                   text         000000
intlevel3                   text         000000
main@MSpeed                 cstackBANK1  000118
main@Minutes                bssBANK0     000063
main@Seconds                bssBANK0     000064
main@TCycle                 cstackBANK1  000116
setADC@ADCChan              bssCOMRAM    00003E
stackhi                     (abs)        0009FF
stacklo                     (abs)        00012A
start                       init         0000D4
start_initialization        cinit        001AA0


FUNCTION INFORMATION:

 *************** function _main *****************
 Defined at:
		line 366 in file "D:\DOC\Project\WEGA\WEGA2\main.c"
 Parameters:    Size  Location     Type
		None
 Auto vars:     Size  Location     Type
  MSpeed          2   24[BANK1 ] unsigned int 
  TCycle          2   22[BANK1 ] unsigned int 
 Return value:  Size  Location     Type
		None               void
 Registers used:
		wreg, fsr2l, fsr2h, status,2, status,0, tblptrl, tblptrh, tblptru, prodl, prodh, cstack
 Tracked objects:
		On entry : 
		On exit  : 
		Unchanged: 
 Data sizes:     COMRAM   BANK0   BANK1   BANK2   BANK3   BANK4   BANK5   BANK6   BANK7   BANK8   BANK9  BANK10  BANK11  BANK12  BANK13  BANK14  BANK15
      Params:         0       0       0       0       0       0       0       0       0       0       0       0       0       0       0       0       0
      Locals:         0       0       4       0       0       0       0       0       0       0       0       0       0       0       0       0       0
      Temps:          0       0       0       0       0       0       0       0       0       0       0       0       0       0       0       0       0
      Totals:         0       0       4       0       0       0       0       0       0       0       0       0       0       0       0       0       0
Total ram usage:        4 bytes
 Hardware stack levels required when called:   14
 This function calls:
		_Emul_PND
		_Fuel_Calculate
		_Get_Lag
		_IAC_Stab
		_INIT
		_STP_Set
		_VE
		___ltdiv
		_setADC
 This function is called by:
		Startup code after reset
 This function uses a non-reentrant model


 *************** function _setADC *****************
 Defined at:
		line 188 in file "D:\DOC\Project\WEGA\WEGA2\main.c"
 Parameters:    Size  Location     Type
		None
 Auto vars:     Size  Location     Type
		None
 Return value:  Size  Location     Type
		None               void
 Registers used:
		wreg, status,2, status,0, cstack
 Tracked objects:
		On entry : 
		On exit  : 
		Unchanged: 
 Data sizes:     COMRAM   BANK0   BANK1   BANK2   BANK3   BANK4   BANK5   BANK6   BANK7   BANK8   BANK9  BANK10  BANK11  BANK12  BANK13  BANK14  BANK15
      Params:         0       0       0       0       0       0       0       0       0       0       0       0       0       0       0       0       0
      Locals:         0       0       0       0       0       0       0       0       0       0       0       0       0       0       0       0       0
      Temps:          0       0       0       0       0       0       0       0       0       0       0       0       0       0       0       0       0
      Totals:         0       0       0       0       0       0       0       0       0       0       0       0       0       0       0       0       0
Total ram usage:        0 bytes
 Hardware stack levels used:    1
 Hardware stack levels required when called:   11
 This function calls:
		_ConvertADC
		_SetChanADC
 This function is called by:
		_main
 This function uses a non-reentrant model


 *************** function _SetChanADC *****************
 Defined at:
		line 49 in file "C:\Program Files (x86)\Microchip\xc8\v1.33\sources\pic18\plib\ADC\adcsetch.c"
 Parameters:    Size  Location     Type
  channel         1    wreg     unsigned char 
 Auto vars:     Size  Location     Type
  channel         1   20[BANK0 ] unsigned char 
 Return value:  Size  Location     Type
		None               void
 Registers used:
		wreg, status,2, status,0
 Tracked objects:
		On entry : 
		On exit  : 
		Unchanged: 
 Data sizes:     COMRAM   BANK0   BANK1   BANK2   BANK3   BANK4   BANK5   BANK6   BANK7   BANK8   BANK9  BANK10  BANK11  BANK12  BANK13  BANK14  BANK15
      Params:         0       0       0       0       0       0       0       0       0       0       0       0       0       0       0       0       0
      Locals:         0       1       0       0       0       0       0       0       0       0       0       0       0       0       0       0       0
      Temps:          0       1       0       0       0       0       0       0       0       0       0       0       0       0       0       0       0
      Totals:         0       2       0       0       0       0       0       0       0       0       0       0       0       0       0       0       0
Total ram usage:        2 bytes
 Hardware stack levels used:    1
 Hardware stack levels required when called:   10
 This function calls:
		Nothing
 This function is called by:
		_setADC
 This function uses a non-reentrant model


 *************** function ___ltdiv *****************
 Defined at:
		line 8 in file "C:\Program Files (x86)\Microchip\xc8\v1.33\sources\common\ltdiv.c"
 Parameters:    Size  Location     Type
  dividend        3   19[BANK0 ] unsigned um
  divisor         3   22[BANK0 ] unsigned um
 Auto vars:     Size  Location     Type
  quotient        3   25[BANK0 ] unsigned um
  counter         1   28[BANK0 ] unsigned char 
 Return value:  Size  Location     Type
                  3   19[BANK0 ] unsigned um
 Registers used:
		wreg, status,2, status,0
 Tracked objects:
		On entry : 
		On exit  : 
		Unchanged: 
 Data sizes:     COMRAM   BANK0   BANK1   BANK2   BANK3   BANK4   BANK5   BANK6   BANK7   BANK8   BANK9  BANK10  BANK11  BANK12  BANK13  BANK14  BANK15
      Params:         0       6       0       0       0       0       0       0       0       0       0       0       0       0       0       0       0
      Locals:         0       4       0       0       0       0       0       0       0       0       0       0       0       0       0       0       0
      Temps:          0       0       0       0       0       0       0       0       0       0       0       0       0       0       0       0       0
      Totals:         0      10       0       0       0       0       0       0       0       0       0       0       0       0       0       0       0
Total ram usage:       10 bytes
 Hardware stack levels used:    1
 Hardware stack levels required when called:   10
 This function calls:
		Nothing
 This function is called by:
		_main
 This function uses a non-reentrant model


 *************** function _VE *****************
 Defined at:
		line 215 in file "D:\DOC\Project\WEGA\WEGA2\Fuel_Calc.c"
 Parameters:    Size  Location     Type
  a               1    wreg     unsigned char 
  Table           2   19[BANK0 ] PTR unsigned char 
		 -> VE_table(16), 
 Auto vars:     Size  Location     Type
  a               1   28[BANK0 ] unsigned char 
  hidt            1   32[BANK0 ] unsigned char 
  lowdt           1   31[BANK0 ] unsigned char 
  Span            1   30[BANK0 ] unsigned char 
  Index           1   29[BANK0 ] unsigned char 
  Slope           1    0        unsigned char 
 Return value:  Size  Location     Type
                  1    wreg      unsigned char 
 Registers used:
		wreg, fsr2l, fsr2h, status,2, status,0, prodl, prodh
 Tracked objects:
		On entry : 
		On exit  : 
		Unchanged: 
 Data sizes:     COMRAM   BANK0   BANK1   BANK2   BANK3   BANK4   BANK5   BANK6   BANK7   BANK8   BANK9  BANK10  BANK11  BANK12  BANK13  BANK14  BANK15
      Params:         0       2       0       0       0       0       0       0       0       0       0       0       0       0       0       0       0
      Locals:         0       5       0       0       0       0       0       0       0       0       0       0       0       0       0       0       0
      Temps:          0       7       0       0       0       0       0       0       0       0       0       0       0       0       0       0       0
      Totals:         0      14       0       0       0       0       0       0       0       0       0       0       0       0       0       0       0
Total ram usage:       14 bytes
 Hardware stack levels used:    1
 Hardware stack levels required when called:   10
 This function calls:
		Nothing
 This function is called by:
		_main
 This function uses a non-reentrant model


 *************** function _STP_Set *****************
 Defined at:
		line 44 in file "D:\DOC\Project\WEGA\WEGA2\IAC.c"
 Parameters:    Size  Location     Type
  p               1    wreg     unsigned char 
 Auto vars:     Size  Location     Type
  p               1   20[BANK0 ] unsigned char 
 Return value:  Size  Location     Type
		None               void
 Registers used:
		wreg, fsr2l, fsr2h, status,2, status,0, cstack
 Tracked objects:
		On entry : 
		On exit  : 
		Unchanged: 
 Data sizes:     COMRAM   BANK0   BANK1   BANK2   BANK3   BANK4   BANK5   BANK6   BANK7   BANK8   BANK9  BANK10  BANK11  BANK12  BANK13  BANK14  BANK15
      Params:         0       0       0       0       0       0       0       0       0       0       0       0       0       0       0       0       0
      Locals:         0       1       0       0       0       0       0       0       0       0       0       0       0       0       0       0       0
      Temps:          0       0       0       0       0       0       0       0       0       0       0       0       0       0       0       0       0
      Totals:         0       1       0       0       0       0       0       0       0       0       0       0       0       0       0       0       0
Total ram usage:        1 bytes
 Hardware stack levels used:    1
 Hardware stack levels required when called:   11
 This function calls:
		_STP_Close
		_STP_Open
 This function is called by:
		_main
 This function uses a non-reentrant model


 *************** function _INIT *****************
 Defined at:
		line 31 in file "D:\DOC\Project\WEGA\WEGA2\main.c"
 Parameters:    Size  Location     Type
		None
 Auto vars:     Size  Location     Type
		None
 Return value:  Size  Location     Type
		None               void
 Registers used:
		wreg, fsr2l, fsr2h, status,2, status,0, tblptrl, tblptrh, tblptru, cstack
 Tracked objects:
		On entry : 
		On exit  : 
		Unchanged: 
 Data sizes:     COMRAM   BANK0   BANK1   BANK2   BANK3   BANK4   BANK5   BANK6   BANK7   BANK8   BANK9  BANK10  BANK11  BANK12  BANK13  BANK14  BANK15
      Params:         0       0       0       0       0       0       0       0       0       0       0       0       0       0       0       0       0
      Locals:         0       0       0       0       0       0       0       0       0       0       0       0       0       0       0       0       0
      Temps:          0       0       0       0       0       0       0       0       0       0       0       0       0       0       0       0       0
      Totals:         0       0       0       0       0       0       0       0       0       0       0       0       0       0       0       0       0
Total ram usage:        0 bytes
 Hardware stack levels used:    1
 Hardware stack levels required when called:   12
 This function calls:
		_ConvertADC
		_OpenADC
		_OpenPWM5
		_OpenTimer6
		_STP_Init
		_SetDCPWM5
 This function is called by:
		_main
 This function uses a non-reentrant model


 *************** function _STP_Init *****************
 Defined at:
		line 33 in file "D:\DOC\Project\WEGA\WEGA2\IAC.c"
 Parameters:    Size  Location     Type
		None
 Auto vars:     Size  Location     Type
  a               1   22[BANK0 ] unsigned char 
 Return value:  Size  Location     Type
		None               void
 Registers used:
		wreg, status,2, status,0, cstack
 Tracked objects:
		On entry : 
		On exit  : 
		Unchanged: 
 Data sizes:     COMRAM   BANK0   BANK1   BANK2   BANK3   BANK4   BANK5   BANK6   BANK7   BANK8   BANK9  BANK10  BANK11  BANK12  BANK13  BANK14  BANK15
      Params:         0       0       0       0       0       0       0       0       0       0       0       0       0       0       0       0       0
      Locals:         0       1       0       0       0       0       0       0       0       0       0       0       0       0       0       0       0
      Temps:          0       0       0       0       0       0       0       0       0       0       0       0       0       0       0       0       0
      Totals:         0       1       0       0       0       0       0       0       0       0       0       0       0       0       0       0       0
Total ram usage:        1 bytes
 Hardware stack levels used:    1
 Hardware stack levels required when called:   11
 This function calls:
		_STP_Close
		_delay
 This function is called by:
		_INIT
 This function uses a non-reentrant model


 *************** function _delay *****************
 Defined at:
		line 348 in file "D:\DOC\Project\WEGA\WEGA2\main.c"
 Parameters:    Size  Location     Type
  ms              2   19[BANK0 ] unsigned int 
 Auto vars:     Size  Location     Type
		None
 Return value:  Size  Location     Type
		None               void
 Registers used:
		wreg, status,2, status,0
 Tracked objects:
		On entry : 
		On exit  : 
		Unchanged: 
 Data sizes:     COMRAM   BANK0   BANK1   BANK2   BANK3   BANK4   BANK5   BANK6   BANK7   BANK8   BANK9  BANK10  BANK11  BANK12  BANK13  BANK14  BANK15
      Params:         0       2       0       0       0       0       0       0       0       0       0       0       0       0       0       0       0
      Locals:         0       0       0       0       0       0       0       0       0       0       0       0       0       0       0       0       0
      Temps:          0       1       0       0       0       0       0       0       0       0       0       0       0       0       0       0       0
      Totals:         0       3       0       0       0       0       0       0       0       0       0       0       0       0       0       0       0
Total ram usage:        3 bytes
 Hardware stack levels used:    1
 Hardware stack levels required when called:   10
 This function calls:
		Nothing
 This function is called by:
		_STP_Init
 This function uses a non-reentrant model


 *************** function _STP_Close *****************
 Defined at:
		line 23 in file "D:\DOC\Project\WEGA\WEGA2\IAC.c"
 Parameters:    Size  Location     Type
		None
 Auto vars:     Size  Location     Type
		None
 Return value:  Size  Location     Type
		None               void
 Registers used:
		wreg, status,2, status,0
 Tracked objects:
		On entry : 
		On exit  : 
		Unchanged: 
 Data sizes:     COMRAM   BANK0   BANK1   BANK2   BANK3   BANK4   BANK5   BANK6   BANK7   BANK8   BANK9  BANK10  BANK11  BANK12  BANK13  BANK14  BANK15
      Params:         0       0       0       0       0       0       0       0       0       0       0       0       0       0       0       0       0
      Locals:         0       0       0       0       0       0       0       0       0       0       0       0       0       0       0       0       0
      Temps:          0       1       0       0       0       0       0       0       0       0       0       0       0       0       0       0       0
      Totals:         0       1       0       0       0       0       0       0       0       0       0       0       0       0       0       0       0
Total ram usage:        1 bytes
 Hardware stack levels used:    1
 Hardware stack levels required when called:   10
 This function calls:
		Nothing
 This function is called by:
		_STP_Init
		_STP_Set
 This function uses a non-reentrant model


 *************** function _OpenTimer6 *****************
 Defined at:
		line 17 in file "C:\Program Files (x86)\Microchip\xc8\v1.33\sources\pic18\plib\Timers\t6open.c"
 Parameters:    Size  Location     Type
  config          1    wreg     unsigned char 
 Auto vars:     Size  Location     Type
  config          1   19[BANK0 ] unsigned char 
 Return value:  Size  Location     Type
		None               void
 Registers used:
		wreg, status,2, status,0
 Tracked objects:
		On entry : 
		On exit  : 
		Unchanged: 
 Data sizes:     COMRAM   BANK0   BANK1   BANK2   BANK3   BANK4   BANK5   BANK6   BANK7   BANK8   BANK9  BANK10  BANK11  BANK12  BANK13  BANK14  BANK15
      Params:         0       0       0       0       0       0       0       0       0       0       0       0       0       0       0       0       0
      Locals:         0       1       0       0       0       0       0       0       0       0       0       0       0       0       0       0       0
      Temps:          0       0       0       0       0       0       0       0       0       0       0       0       0       0       0       0       0
      Totals:         0       1       0       0       0       0       0       0       0       0       0       0       0       0       0       0       0
Total ram usage:        1 bytes
 Hardware stack levels used:    1
 Hardware stack levels required when called:   10
 This function calls:
		Nothing
 This function is called by:
		_INIT
 This function uses a non-reentrant model


 *************** function _OpenPWM5 *****************
 Defined at:
		line 88 in file "C:\Program Files (x86)\Microchip\xc8\v1.33\sources\pic18\plib\PWM\pw5open.c"
 Parameters:    Size  Location     Type
  period          1    wreg     unsigned char 
  timer_source    1   19[BANK0 ] unsigned char 
 Auto vars:     Size  Location     Type
  period          1   21[BANK0 ] unsigned char 
 Return value:  Size  Location     Type
		None               void
 Registers used:
		wreg, status,2, status,0
 Tracked objects:
		On entry : 
		On exit  : 
		Unchanged: 
 Data sizes:     COMRAM   BANK0   BANK1   BANK2   BANK3   BANK4   BANK5   BANK6   BANK7   BANK8   BANK9  BANK10  BANK11  BANK12  BANK13  BANK14  BANK15
      Params:         0       1       0       0       0       0       0       0       0       0       0       0       0       0       0       0       0
      Locals:         0       1       0       0       0       0       0       0       0       0       0       0       0       0       0       0       0
      Temps:          0       1       0       0       0       0       0       0       0       0       0       0       0       0       0       0       0
      Totals:         0       3       0       0       0       0       0       0       0       0       0       0       0       0       0       0       0
Total ram usage:        3 bytes
 Hardware stack levels used:    1
 Hardware stack levels required when called:   10
 This function calls:
		Nothing
 This function is called by:
		_INIT
 This function uses a non-reentrant model


 *************** function _OpenADC *****************
 Defined at:
		line 305 in file "C:\Program Files (x86)\Microchip\xc8\v1.33\sources\pic18\plib\ADC\adcopen.c"
 Parameters:    Size  Location     Type
  config          1    wreg     unsigned char 
  config2         1   19[BANK0 ] unsigned char 
  config3         1   20[BANK0 ] unsigned char 
 Auto vars:     Size  Location     Type
  config          1   23[BANK0 ] unsigned char 
 Return value:  Size  Location     Type
		None               void
 Registers used:
		wreg, status,2, status,0
 Tracked objects:
		On entry : 
		On exit  : 
		Unchanged: 
 Data sizes:     COMRAM   BANK0   BANK1   BANK2   BANK3   BANK4   BANK5   BANK6   BANK7   BANK8   BANK9  BANK10  BANK11  BANK12  BANK13  BANK14  BANK15
      Params:         0       2       0       0       0       0       0       0       0       0       0       0       0       0       0       0       0
      Locals:         0       1       0       0       0       0       0       0       0       0       0       0       0       0       0       0       0
[...]
Total ram usage:        0 bytes
 Hardware stack levels used:    1
 Hardware stack levels required when called:    4
 This function calls:
		_CompareGroup2
 This function is called by:
		_high_isr
 This function uses a non-reentrant model


 *************** function _CompareGroup2 *****************
 Defined at:
		line 113 in file "D:\DOC\Project\WEGA\WEGA2\Injection.c"
 Parameters:    Size  Location     Type
		None
 Auto vars:     Size  Location     Type
  Injection       2   12[BANK0 ] unsigned int 
 Return value:  Size  Location     Type
		None               void
 Registers used:
		wreg, status,2, status,0, tblptrl, tblptrh, tblptru, prodl, cstack
 Tracked objects:
		On entry : 
		On exit  : 
		Unchanged: 
 Data sizes:     COMRAM   BANK0   BANK1   BANK2   BANK3   BANK4   BANK5   BANK6   BANK7   BANK8   BANK9  BANK10  BANK11  BANK12  BANK13  BANK14  BANK15
      Params:         0       0       0       0       0       0       0       0       0       0       0       0       0       0       0       0       0
      Locals:         0       2       0       0       0       0       0       0       0       0       0       0       0       0       0       0       0
      Temps:          0       2       0       0       0       0       0       0       0       0       0       0       0       0       0       0       0
      Totals:         0       4       0       0       0       0       0       0       0       0       0       0       0       0       0       0       0
Total ram usage:        4 bytes
 Hardware stack levels used:    1
 Hardware stack levels required when called:    3
 This function calls:
		_AllInjectionClose
		_CheckInj
		_OpenECompare2
		_ReadTimer3
 This function is called by:
		_CCP2Event
 This function uses a non-reentrant model


 *************** function _OpenECompare2 *****************
 Defined at:
		line 71 in file "C:\Program Files (x86)\Microchip\xc8\v1.33\sources\pic18\plib\CMP\em2open.c"
 Parameters:    Size  Location     Type
  config          1    wreg     unsigned char 
  period          2    4[BANK0 ] unsigned int 
 Auto vars:     Size  Location     Type
  config          1    9[BANK0 ] unsigned char 
 Return value:  Size  Location     Type
		None               void
 Registers used:
		wreg, status,2, status,0, tblptrl, tblptrh, tblptru
 Tracked objects:
		On entry : 
		On exit  : 
		Unchanged: 
 Data sizes:     COMRAM   BANK0   BANK1   BANK2   BANK3   BANK4   BANK5   BANK6   BANK7   BANK8   BANK9  BANK10  BANK11  BANK12  BANK13  BANK14  BANK15
      Params:         0       2       0       0       0       0       0       0       0       0       0       0       0       0       0       0       0
      Locals:         0       1       0       0       0       0       0       0       0       0       0       0       0       0       0       0       0
      Temps:          0       3       0       0       0       0       0       0       0       0       0       0       0       0       0       0       0
      Totals:         0       6       0       0       0       0       0       0       0       0       0       0       0       0       0       0       0
Total ram usage:        6 bytes
 Hardware stack levels used:    1
 This function calls:
		Nothing
 This function is called by:
		_SetInjection
		_CompareGroup2
 This function uses a non-reentrant model


 *************** function _AllInjectionClose *****************
 Defined at:
		line 8 in file "D:\DOC\Project\WEGA\WEGA2\Injection.c"
 Parameters:    Size  Location     Type
		None
 Auto vars:     Size  Location     Type
		None
 Return value:  Size  Location     Type
		None               void
 Registers used:
		wreg, status,2, status,0, prodl, cstack
 Tracked objects:
		On entry : 
		On exit  : 
		Unchanged: 
 Data sizes:     COMRAM   BANK0   BANK1   BANK2   BANK3   BANK4   BANK5   BANK6   BANK7   BANK8   BANK9  BANK10  BANK11  BANK12  BANK13  BANK14  BANK15
      Params:         0       0       0       0       0       0       0       0       0       0       0       0       0       0       0       0       0
      Locals:         0       0       0       0       0       0       0       0       0       0       0       0       0       0       0       0       0
      Temps:          0       0       0       0       0       0       0       0       0       0       0       0       0       0       0       0       0
      Totals:         0       0       0       0       0       0       0       0       0       0       0       0       0       0       0       0       0
Total ram usage:        0 bytes
 Hardware stack levels used:    1
 Hardware stack levels required when called:    2
 This function calls:
		_CheckInj
 This function is called by:
		_SetInjection
		_CompareGroup2
 This function uses a non-reentrant model


 *************** function _CCP1Event *****************
 Defined at:
		line 290 in file "D:\DOC\Project\WEGA\WEGA2\main.c"
 Parameters:    Size  Location     Type
		None
 Auto vars:     Size  Location     Type
		None
 Return value:  Size  Location     Type
		None               void
 Registers used:
		wreg, status,2, status,0, prodl, cstack
 Tracked objects:
		On entry : 
		On exit  : 
		Unchanged: 
 Data sizes:     COMRAM   BANK0   BANK1   BANK2   BANK3   BANK4   BANK5   BANK6   BANK7   BANK8   BANK9  BANK10  BANK11  BANK12  BANK13  BANK14  BANK15
      Params:         0       0       0       0       0       0       0       0       0       0       0       0       0       0       0       0       0
      Locals:         0       0       0       0       0       0       0       0       0       0       0       0       0       0       0       0       0
      Temps:          0       0       0       0       0       0       0       0       0       0       0       0       0       0       0       0       0
      Totals:         0       0       0       0       0       0       0       0       0       0       0       0       0       0       0       0       0
Total ram usage:        0 bytes
 Hardware stack levels used:    1
 Hardware stack levels required when called:    3
 This function calls:
		_CompareGroup1
 This function is called by:
		_high_isr
 This function uses a non-reentrant model


 *************** function _CompareGroup1 *****************
 Defined at:
		line 97 in file "D:\DOC\Project\WEGA\WEGA2\Injection.c"
 Parameters:    Size  Location     Type
		None
 Auto vars:     Size  Location     Type
  Injection       2   12[BANK0 ] unsigned int 
 Return value:  Size  Location     Type
		None               void
 Registers used:
		wreg, status,2, status,0, prodl, cstack
 Tracked objects:
		On entry : 
		On exit  : 
		Unchanged: 
 Data sizes:     COMRAM   BANK0   BANK1   BANK2   BANK3   BANK4   BANK5   BANK6   BANK7   BANK8   BANK9  BANK10  BANK11  BANK12  BANK13  BANK14  BANK15
      Params:         0       0       0       0       0       0       0       0       0       0       0       0       0       0       0       0       0
      Locals:         0       2       0       0       0       0       0       0       0       0       0       0       0       0       0       0       0
      Temps:          0       2       0       0       0       0       0       0       0       0       0       0       0       0       0       0       0
      Totals:         0       4       0       0       0       0       0       0       0       0       0       0       0       0       0       0       0
Total ram usage:        4 bytes
 Hardware stack levels used:    1
 Hardware stack levels required when called:    2
 This function calls:
		_CheckInj
		_OpenECompare1
		_ReadTimer3
 This function is called by:
		_CCP1Event
 This function uses a non-reentrant model


 *************** function _ReadTimer3 *****************
 Defined at:
		line 13 in file "C:\Program Files (x86)\Microchip\xc8\v1.33\sources\pic18\plib\Timers\t3read.c"
 Parameters:    Size  Location     Type
		None
 Auto vars:     Size  Location     Type
  timer           2    2[BANK0 ] struct Timers
 Return value:  Size  Location     Type
                  2    0[BANK0 ] unsigned int 
 Registers used:
		None
 Tracked objects:
		On entry : 
		On exit  : 
		Unchanged: 
 Data sizes:     COMRAM   BANK0   BANK1   BANK2   BANK3   BANK4   BANK5   BANK6   BANK7   BANK8   BANK9  BANK10  BANK11  BANK12  BANK13  BANK14  BANK15
      Params:         0       2       0       0       0       0       0       0       0       0       0       0       0       0       0       0       0
      Locals:         0       2       0       0       0       0       0       0       0       0       0       0       0       0       0       0       0
      Temps:          0       0       0       0       0       0       0       0       0       0       0       0       0       0       0       0       0
      Totals:         0       4       0       0       0       0       0       0       0       0       0       0       0       0       0       0       0
Total ram usage:        4 bytes
 Hardware stack levels used:    1
 This function calls:
		Nothing
 This function is called by:
		_SetInjection
		_CompareGroup1
		_CompareGroup2
 This function uses a non-reentrant model


 *************** function _OpenECompare1 *****************
 Defined at:
		line 46 in file "C:\Program Files (x86)\Microchip\xc8\v1.33\sources\pic18\plib\CMP\em1open.c"
 Parameters:    Size  Location     Type
  config          1    wreg     unsigned char 
  period          2    4[BANK0 ] unsigned int 
 Auto vars:     Size  Location     Type
  config          1    9[BANK0 ] unsigned char 
 Return value:  Size  Location     Type
		None               void
 Registers used:
		wreg, status,2, status,0
 Tracked objects:
		On entry : 
		On exit  : 
		Unchanged: 
 Data sizes:     COMRAM   BANK0   BANK1   BANK2   BANK3   BANK4   BANK5   BANK6   BANK7   BANK8   BANK9  BANK10  BANK11  BANK12  BANK13  BANK14  BANK15
      Params:         0       2       0       0       0       0       0       0       0       0       0       0       0       0       0       0       0
      Locals:         0       1       0       0       0       0       0       0       0       0       0       0       0       0       0       0       0
      Temps:          0       3       0       0       0       0       0       0       0       0       0       0       0       0       0       0       0
      Totals:         0       6       0       0       0       0       0       0       0       0       0       0       0       0       0       0       0
Total ram usage:        6 bytes
 Hardware stack levels used:    1
 This function calls:
		Nothing
 This function is called by:
		_SetInjection
		_CompareGroup1
 This function uses a non-reentrant model


 *************** function _CheckInj *****************
 Defined at:
		line 106 in file "D:\DOC\Project\WEGA\WEGA2\Fuel_Calc.c"
 Parameters:    Size  Location     Type
		None
 Auto vars:     Size  Location     Type
		None
 Return value:  Size  Location     Type
		None               void
 Registers used:
		wreg, status,2, status,0, prodl, cstack
 Tracked objects:
		On entry : 
		On exit  : 
		Unchanged: 
 Data sizes:     COMRAM   BANK0   BANK1   BANK2   BANK3   BANK4   BANK5   BANK6   BANK7   BANK8   BANK9  BANK10  BANK11  BANK12  BANK13  BANK14  BANK15
      Params:         0       0       0       0       0       0       0       0       0       0       0       0       0       0       0       0       0
      Locals:         0       0       0       0       0       0       0       0       0       0       0       0       0       0       0       0       0
      Temps:          0       4       0       0       0       0       0       0       0       0       0       0       0       0       0       0       0
      Totals:         0       4       0       0       0       0       0       0       0       0       0       0       0       0       0       0       0
Total ram usage:        4 bytes
 Hardware stack levels used:    1
 Hardware stack levels required when called:    1
 This function calls:
		_LGP_st
 This function is called by:
		_AllInjectionClose
		_CompareGroup1
		_CompareGroup2
 This function uses a non-reentrant model


 *************** function _LGP_st *****************
 Defined at:
		line 99 in file "D:\DOC\Project\WEGA\WEGA2\Fuel_Calc.c"
 Parameters:    Size  Location     Type
		None
 Auto vars:     Size  Location     Type
  LPGPres         2    0[BANK0 ] int 
 Return value:  Size  Location     Type
		None               void
 Registers used:
		wreg, status,2, status,0, prodl
 Tracked objects:
		On entry : 
		On exit  : 
		Unchanged: 
 Data sizes:     COMRAM   BANK0   BANK1   BANK2   BANK3   BANK4   BANK5   BANK6   BANK7   BANK8   BANK9  BANK10  BANK11  BANK12  BANK13  BANK14  BANK15
      Params:         0       0       0       0       0       0       0       0       0       0       0       0       0       0       0       0       0
      Locals:         0       2       0       0       0       0       0       0       0       0       0       0       0       0       0       0       0
      Temps:          0       0       0       0       0       0       0       0       0       0       0       0       0       0       0       0       0
      Totals:         0       2       0       0       0       0       0       0       0       0       0       0       0       0       0       0       0
Total ram usage:        2 bytes
 Hardware stack levels used:    1
 This function calls:
		Nothing
 This function is called by:
		_CheckInj
 This function uses a non-reentrant model



MODULE INFORMATION

Module		Function		Class		Link	Load	Size
C:\Program Files (x86)\Microchip\xc8\v1.33\sources\pic18\plib\CMP\em1open.c
		_OpenECompare1 		CODE           	1A58	0000	72

C:\Program Files (x86)\Microchip\xc8\v1.33\sources\pic18\plib\CMP\em1open.c estimated size: 72

C:\Program Files (x86)\Microchip\xc8\v1.33\sources\pic18\plib\Timers\t6open.c
		_OpenTimer6    		CODE           	1C88	0000	34

C:\Program Files (x86)\Microchip\xc8\v1.33\sources\pic18\plib\Timers\t6open.c estimated size: 34

C:\Program Files (x86)\Microchip\xc8\v1.33\sources\pic18\plib\ADC\adcopen.c
		_OpenADC       		CODE           	1A10	0000	72

C:\Program Files (x86)\Microchip\xc8\v1.33\sources\pic18\plib\ADC\adcopen.c estimated size: 72

D:\DOC\Project\WEGA\WEGA2\main.c
		_CCP3Event     		CODE           	1D60	0000	8
		_delay         		CODE           	1C18	0000	38
		_TMR0Event     		CODE           	0DF4	0000	232
		_main          		CODE           	0A7C	0000	358
		_TMR1Event     		CODE           	1D48	0000	14
		_Motor_stopped 		CODE           	1B60	0000	46
		_SPARKEvent    		CODE           	1B22	0000	62
		_Set_TPS_MAP   		CODE           	1CDA	0000	20
		_high_isr      		CODE           	0008	0000	6348
		_ADCread       		CODE           	00D8	0000	698
		_Get_Lag       		CODE           	0CFA	0000	250
		_setADC        		CODE           	1376	0000	122
		_GetColt       		CODE           	0EDC	0000	210
		_Sync          		CODE           	1D7C	0000	2
		_CCP1Event     		CODE           	1D6E	0000	6
		_INIT          		CODE           	090A	0000	370
		_CCP2Event     		CODE           	1D68	0000	6
		_Spark2        		CODE           	1B8E	0000	46
		_low_isr       		CODE           	0018	0000	188
		_Set_ADC_MAP   		CODE           	1CEE	0000	20
		_Emul_PND      		CODE           	192E	0000	78

D:\DOC\Project\WEGA\WEGA2\main.c estimated size: 9122

D:\DOC\Project\WEGA\WEGA2\pnd_emul.c
		_Emul_PND_T    		CODE           	05A6	0000	480

D:\DOC\Project\WEGA\WEGA2\pnd_emul.c estimated size: 480

C:\Program Files (x86)\Microchip\xc8\v1.33\sources\pic18\plib\CMP\em3open.c
		_OpenECompare3 		CODE           	126E	0000	134

C:\Program Files (x86)\Microchip\xc8\v1.33\sources\pic18\plib\CMP\em3open.c estimated size: 134

C:\Program Files (x86)\Microchip\xc8\v1.33\sources\pic18\plib\Timers\t3read.c
		_ReadTimer3    		CODE           	1D16	0000	18

C:\Program Files (x86)\Microchip\xc8\v1.33\sources\pic18\plib\Timers\t3read.c estimated size: 18

D:\DOC\Project\WEGA\WEGA2\Fuel_Calc.c
		_CheckInj      		CODE           	13F0	0000	122
		_ReadTable     		CODE           	0786	0000	388
		_Fuel_Calculate		CODE           	0392	0000	532
		_VE            		CODE           	0FAE	0000	194
		_SMA_filter    		CODE           	112A	0000	180
		_EX_filter     		CODE           	0BE2	0000	280
		_LGP_st        		CODE           	1C3E	0000	38
		_IntpResL      		CODE           	154E	0000	108

D:\DOC\Project\WEGA\WEGA2\Fuel_Calc.c estimated size: 1842

D:\DOC\Project\WEGA\WEGA2\Injection.c
		_AllInjectionCl		CODE           	1D38	0000	16
		_SetInjection  		CODE           	16F6	0000	100
		_CompareGroup1 		CODE           	146A	0000	116
		_CompareGroup2 		CODE           	18D4	0000	90

D:\DOC\Project\WEGA\WEGA2\Injection.c estimated size: 322

D:\DOC\Project\WEGA\WEGA2\IAC.c
		_STP_Init      		CODE           	1C64	0000	36
		_STP_Set       		CODE           	1CAA	0000	26
		_IAC_Stab      		CODE           	181C	0000	94
		_STP_Close     		CODE           	175A	0000	98
		_STP_Open      		CODE           	168E	0000	104

D:\DOC\Project\WEGA\WEGA2\IAC.c estimated size: 358

C:\Program Files (x86)\Microchip\xc8\v1.33\sources\common\lwdiv.c
		___lwdiv       		CODE           	197C	0000	74

C:\Program Files (x86)\Microchip\xc8\v1.33\sources\common\lwdiv.c estimated size: 74

C:\Program Files (x86)\Microchip\xc8\v1.33\sources\pic18\plib\CMP\em2open.c
		_OpenECompare2 		CODE           	12F4	0000	130

C:\Program Files (x86)\Microchip\xc8\v1.33\sources\pic18\plib\CMP\em2open.c estimated size: 130

C:\Program Files (x86)\Microchip\xc8\v1.33\sources\pic18\plib\ADC\adcread.c
		_ReadADC       		CODE           	1D56	0000	10

C:\Program Files (x86)\Microchip\xc8\v1.33\sources\pic18\plib\ADC\adcread.c estimated size: 10

shared
		_X             		MEDIUMCONST    	FFC3	0000	30
		_Y             		MEDIUMCONST    	FFF5	0000	6
		_SPD_CONST     		MEDIUMCONST    	FFFB	0000	3
		i1_ConvertADC  		CODE           	1D78	0000	4
		i2___lwdiv     		CODE           	19C6	0000	74
		_LAG           		MEDIUMCONST    	FFE1	0000	10
		i2_Spark2      		CODE           	1BBC	0000	46
		__initializatio		CODE           	1AA0	0000	60
		_RPM2Tabl      		MEDIUMCONST    	FEC3	0000	256
		i1_SetChanADC  		CODE           	1D02	0000	20
		_Lambda        		MEDIUMCONST    	FDC3	0000	256
		i2_Motor_stoppe		CODE           	1BEA	0000	46
		i2_OpenECompare		CODE           	11DE	0000	144
		i1___tmul      		CODE           	14DE	0000	112
		_Ign0          		MEDIUMCONST    	FBC3	0000	512
		_LAG_LPG       		MEDIUMCONST    	FFEB	0000	10

shared estimated size: 1589

C:\Program Files (x86)\Microchip\xc8\v1.33\sources\pic18\plib\ADC\adcconv.c
		_ConvertADC    		CODE           	1D74	0000	4

C:\Program Files (x86)\Microchip\xc8\v1.33\sources\pic18\plib\ADC\adcconv.c estimated size: 4

C:\Program Files (x86)\Microchip\xc8\v1.33\sources\common\ltdiv.c
		___ltdiv       		CODE           	17BC	0000	96

C:\Program Files (x86)\Microchip\xc8\v1.33\sources\common\ltdiv.c estimated size: 96

C:\Program Files (x86)\Microchip\xc8\v1.33\sources\common\atdiv.c
		___atdiv       		CODE           	1070	0000	186

C:\Program Files (x86)\Microchip\xc8\v1.33\sources\common\atdiv.c estimated size: 186

C:\Program Files (x86)\Microchip\xc8\v1.33\sources\pic18\plib\PWM\pw5setdc.c
		_SetDCPWM5     		CODE           	1AE2	0000	64

C:\Program Files (x86)\Microchip\xc8\v1.33\sources\pic18\plib\PWM\pw5setdc.c estimated size: 64

C:\Program Files (x86)\Microchip\xc8\v1.33\sources\pic18\plib\ADC\adcsetch.c
		_SetChanADC    		CODE           	1CC4	0000	22

C:\Program Files (x86)\Microchip\xc8\v1.33\sources\pic18\plib\ADC\adcsetch.c estimated size: 22

C:\Program Files (x86)\Microchip\xc8\v1.33\sources\pic18\plib\PWM\pw5open.c
		_OpenPWM5      		CODE           	1626	0000	104

C:\Program Files (x86)\Microchip\xc8\v1.33\sources\pic18\plib\PWM\pw5open.c estimated size: 104

C:\Program Files (x86)\Microchip\xc8\v1.33\sources\common\Umul24.c
		___tmul        		CODE           	15BA	0000	108

C:\Program Files (x86)\Microchip\xc8\v1.33\sources\common\Umul24.c estimated size: 108

